● cap_opening  /
  → {"ok":true,"url":"/","seconds":21.08,"errors":[]}
● cap_worldmap  /?worldMapTest=1
  → {"ok":true,"url":"/?worldMapTest=1","seconds":9.77,"errors":[]}
● cap_no02  /?mapTest=no02
  → {"ok":true,"url":"/?mapTest=no02","seconds":7.61,"errors":[]}
● cap_bie  /?mapTest=bie-village
  → {"ok":true,"url":"/?mapTest=bie-village","seconds":30.02,"errors":[]}
● cap_castle3d  /?mapTest=rainland-castle-3d
  → {"ok":true,"url":"/?mapTest=rainland-castle-3d","seconds":12.23,"errors":[]}
● cap_majin_explore  /?mapTest=majin-cave&seed=8008
  → {"ok":true,"url":"/?mapTest=majin-cave&seed=8008","seconds":8.01,"errors":[]}
● cap_majin_house  /?mapTest=majin-cave&seed=8008
  → {"ok":true,"url":"/?mapTest=majin-cave&seed=8008","seconds":9.13,"errors":[]}
● cap_majin_boss  /?mapTest=majin-cave&seed=8008&majinCaveFloor=10
  → {"ok":true,"url":"/?mapTest=majin-cave&seed=8008&majinCaveFloor=10","seconds":28.88,"errors":[]}
● cap_forest_battle  /?mapTest=starting-forest
  → {"ok":true,"url":"/?mapTest=starting-forest","seconds":14.25,"errors":[]}
● cap_shoot_chain  /?mapTest=iwayama-shooting&shootingSection=chain
  → {"ok":true,"url":"/?mapTest=iwayama-shooting&shootingSection=chain","seconds":11.07,"errors":[]}
● cap_shoot_wall  /?mapTest=iwayama-shooting&shootingSection=wall
  → {"ok":true,"url":"/?mapTest=iwayama-shooting&shootingSection=wall","seconds":19.63,"errors":[]}
● cap_hidden  /?mapTest=hidden-village
  → {"ok":true,"url":"/?mapTest=hidden-village","seconds":7.06,"errors":[]}
● cap_lake3d  /?mapTest=lake-castle-3d&floor=1
  → {"ok":true,"url":"/?mapTest=lake-castle-3d&floor=1","seconds":9.87,"errors":[]}
